2025-12-29 22:26:34.034 19992-19992 AudioService            com.example.myapplication            D  ⚙️ Configurando dispositivo: Redmi Buds 6 Active
2025-12-29 22:26:34.038 19992-19992 AudioService            com.example.myapplication            D  ⚠️ setCommunicationDevice falló, probando método legacy...
2025-12-29 22:26:34.040 19992-19992 AudioService            com.example.myapplication            W  setCommunicationDevice failed, trying legacy startBluetoothSco
2025-12-29 22:26:34.041 19992-19992 AudioService            com.example.myapplication            D  🔍 Buscando micrófono Bluetooth (API legacy)...
2025-12-29 22:26:34.044 19992-19992 AudioService            com.example.myapplication            D  📋 SCO disponible: SÍ
2025-12-29 22:26:34.046 19992-19992 AudioService            com.example.myapplication            D  Bluetooth SCO available (legacy), starting...
2025-12-29 22:26:34.047 19992-19992 AudioService            com.example.myapplication            D  Bluetooth SCO receiver already registered
2025-12-29 22:26:34.047 19992-19992 AudioService            com.example.myapplication            D  📞 Modo audio: COMUNICACIÓN
2025-12-29 22:26:34.049 19992-19992 AudioService            com.example.myapplication            D  Audio mode set to MODE_IN_COMMUNICATION (legacy)
2025-12-29 22:26:34.050 19992-19992 AudioService            com.example.myapplication            D  🎧 Activando micrófono Bluetooth (esperando conexión)...
2025-12-29 22:26:34.052 19992-19992 AudioService            com.example.myapplication            D  ⏳ Esperando conexión micrófono Bluetooth...
2025-12-29 22:26:34.053 19992-19992 AudioService            com.example.myapplication            D  === MediaSession.onMediaButtonEvent CALLED ===
2025-12-29 22:26:34.053 19992-19992 AudioService            com.example.myapplication            D  Intent action: android.intent.action.MEDIA_BUTTON
2025-12-29 22:26:34.053 19992-19992 AudioService            com.example.myapplication            D  headsetControlEnabled: true
2025-12-29 22:26:34.053 19992-19992 AudioService            com.example.myapplication            D  KeyEvent: keyCode=87 (KEYCODE_MEDIA_NEXT), action=1
2025-12-29 22:26:34.053 19992-19992 AudioService            com.example.myapplication            D  Ignoring non-ACTION_DOWN event
2025-12-29 22:26:34.069 19992-20247 AudioTrack              com.example.myapplication            D  stop(8580): 0xb4000076016c7d50, prior state:STATE_ACTIVE
2025-12-29 22:26:34.069 19992-20247 AudioTrackShared        com.example.myapplication            D  this(0xb400007711700430), mCblk(0x7848731000), front(1280), mIsOut 1, interrupt() FUTEX_WAKE
2025-12-29 22:26:34.070 19992-20247 AudioTrack              com.example.myapplication            D  stop(8580): 0xb4000076016c7d50 stop done
2025-12-29 22:26:34.312 19992-19992 AudioTrack              com.example.myapplication            D  ~AudioTrack(8580): 0xb4000076016c7d50
2025-12-29 22:26:34.312 19992-19992 AudioTrack              com.example.myapplication            D  stop(8580): 0xb4000076016c7d50, prior state:STATE_STOPPED
2025-12-29 22:26:35.027 19992-20140 CCodecBufferChannel     com.example.myapplication            D  [c2.android.mp3.decoder#348] input EOS
2025-12-29 22:26:35.070 19992-20128 MediaCodec              com.example.myapplication            I  (0xb400007771bed9c0) flush
2025-12-29 22:26:35.070 19992-20140 MediaCodec              com.example.myapplication            D  [0xb400007771bed9c0] setState: 7
2025-12-29 22:26:35.071 19992-20140 MediaCodec              com.example.myapplication            D  [0xb400007771bed9c0] setState: 8
2025-12-29 22:26:35.072 19992-20128 MediaCodec              com.example.myapplication            I  (0xb400007771bed9c0) start
2025-12-29 22:26:35.072 19992-20128 MediaCodec              com.example.myapplication            D  keep callback message for reclaim
2025-12-29 22:26:35.072 19992-20140 MediaCodec              com.example.myapplication            D  [0xb400007771bed9c0] setState: 6
2025-12-29 22:26:35.074 19992-20140 CCodecConfig            com.example.myapplication            I  query failed after returning 8 values (BAD_INDEX)
2025-12-29 22:26:35.075 19992-20140 Codec2Client            com.example.myapplication            W  query -- param skipped: index = 1342179345.
2025-12-29 22:26:35.075 19992-20140 Codec2Client            com.example.myapplication            W  query -- param skipped: index = 2415921170.
2025-12-29 22:26:35.368 19992-19992 AudioService            com.example.myapplication            D  Bluetooth SCO CONNECTED
2025-12-29 22:26:35.368 19992-19992 AudioService            com.example.myapplication            D  🎧 Micrófono Bluetooth conectado
2025-12-29 22:26:35.376 19992-19992 AudioService            com.example.myapplication            D  Starting recording with Bluetooth mic
2025-12-29 22:26:35.377 19992-19992 AudioService            com.example.myapplication            D  Starting recording...
2025-12-29 22:26:35.384 19992-19992 AudioService            com.example.myapplication            D  Using Bluetooth microphone (VOICE_COMMUNICATION)
2025-12-29 22:26:35.384 19992-19992 AudioService            com.example.myapplication            D  🎤 Grabando con micrófono Bluetooth
2025-12-29 22:26:35.394 19992-19992 MediaRecorder           com.example.myapplication            D  constructor+ 0xb4000076716b7390
2025-12-29 22:26:35.402 19992-19992 MediaRecorder           com.example.myapplication            D  constructor- 0xb4000076716b7390
2025-12-29 22:26:35.403 19992-19992 MediaRecorder           com.example.myapplication            D  init+ 0xb4000076716b7390
2025-12-29 22:26:35.413 19992-19992 MediaRecorder           com.example.myapplication            D  init- 0xb4000076716b7390
2025-12-29 22:26:35.419 19992-19992 MediaRecorder           com.example.myapplication            D  prepare+ 0xb4000076716b7390
2025-12-29 22:26:35.419 19992-19992 MediaRecorder           com.example.myapplication            D  prepare- 0xb4000076716b7390
2025-12-29 22:26:35.419 19992-19992 MediaRecorder           com.example.myapplication            D  start+ 0xb4000076716b7390
2025-12-29 22:26:35.707 19992-19992 MediaRecorder           com.example.myapplication            D  start- 0xb4000076716b7390
2025-12-29 22:26:35.711 19992-19992 CompatChangeReporter    com.example.myapplication            D  Compat change id reported: 263076149; UID 10602; state: ENABLED
2025-12-29 22:26:35.715 19992-19992 AudioService            com.example.myapplication            D  === ACTIVE RECORDING DEVICE ===
2025-12-29 22:26:35.715 19992-19992 AudioService            com.example.myapplication            D  Device: Redmi Buds 6 Active
2025-12-29 22:26:35.715 19992-19992 AudioService            com.example.myapplication            D  Type: 7
2025-12-29 22:26:35.715 19992-19992 AudioService            com.example.myapplication            D  📍 Dispositivo activo: Redmi Buds 6 Active
2025-12-29 22:26:35.722 19992-19992 AudioService            com.example.myapplication            D  Broadcasting ACTION_RECORDING_STARTED to package com.example.myapplication
2025-12-29 22:26:35.722 19992-19992 AudioService            com.example.myapplication            D  Recording started - Broadcast sent
2025-12-29 22:26:35.723 19992-19992 ToneGenerator           com.example.myapplication            D  ToneGenerator constructor: streamType=3, volume=1.000000
2025-12-29 22:26:35.724 19992-19992 ToneGenerator           com.example.myapplication            D  AudioTrack(0xb4000076016c7d50) created
2025-12-29 22:26:35.724 19992-19992 AudioTrack              com.example.myapplication            D  INSP: type=audio,case=1,set=0xb4000076016c7d50,stream_type=-1,sample_rate=0,format=0x1,channel_mask=0x1,frame_count=960,flags=0x0,notification_frames=0,session_id=0,transfer_type=1,uid=-1,pid=-1
2025-12-29 22:26:35.724 19992-19992 AudioTrack              com.example.myapplication            D  INSP: type=audio,case=1,attributes=1,content_type=0,usage=1,source=-1,flags=0x100
2025-12-29 22:26:35.724 19992-19992 AudioTrack              com.example.myapplication            D  set(): streamType -1, sampleRate 0, format 0x1, channelMask 0x1, frameCount 960, flags 0, notificationFrames 0, sessionId 0, transferType 1, uid -1, pid -1
2025-12-29 22:26:35.727 19992-19992 AudioTrack              com.example.myapplication            I  createTrack_l(0): AUDIO_OUTPUT_FLAG_FAST successful; frameCount 960 -> 960
2025-12-29 22:26:35.727 19992-19992 AudioTrack              com.example.myapplication            D  createTrack_l(8584): 0xb4000076016c7d50, mCblk = 0x7848731000, mLatency = 203, mAfLatency = 183, frameCount = 960, mSampleRate = 48000, mFlags = 0x4, mReqFrameCount = 960, mNotificationFramesAct = 256
2025-12-29 22:26:35.728 19992-19992 AudioTrack              com.example.myapplication            D  setVolume(8584): 0xb4000076016c7d50, left = 1.000000, right = 1.000000
2025-12-29 22:26:35.728 19992-19992 AudioTrack              com.example.myapplication            D  setVolume: mRelativePercentage:1.000000, left:1.000000, right:1.000000
2025-12-29 22:26:35.728 19992-19992 AudioService            com.example.myapplication            D  Playing recording START feedback
2025-12-29 22:26:35.728 19992-19992 AudioTrack              com.example.myapplication            D  start(8584): 0xb4000076016c7d50, prior state:STATE_STOPPED
2025-12-29 22:26:35.737 19992-19992 AudioManager            com.example.myapplication            D  dispatching onAudioFocusChange(-1) to android.media.AudioManager@c102263com.example.myapplication.AudioService$$ExternalSyntheticLambda2@8eafe60
2025-12-29 22:26:35.740 19992-19992 MainActivity            com.example.myapplication            D  Recording started, isRecording = true
2025-12-29 22:26:35.740 19992-19992 MainActivity            com.example.myapplication            D  updateButtonStates() called - isRecording: true
2025-12-29 22:26:35.740 19992-19992 MainActivity            com.example.myapplication            E  UPDATE_BUTTON: updateButtonStates() called - isRecording: true
2025-12-29 22:26:35.740 19992-19992 MainActivity            com.example.myapplication            D  Setting button to recording state (red)
2025-12-29 22:26:35.740 19992-19992 MainActivity            com.example.myapplication            E  UPDATE_BUTTON: Setting button to recording state (red)
2025-12-29 22:26:35.908 19992-20140 CCodecBufferChannel     com.example.myapplication            D  [c2.android.mp3.decoder#348] input EOS
2025-12-29 22:26:35.922 19992-20261 AudioTrack              com.example.myapplication            D  stop(8584): 0xb4000076016c7d50, prior state:STATE_ACTIVE
2025-12-29 22:26:35.922 19992-20261 AudioTrackShared        com.example.myapplication            D  this(0xb4000077116a1e70), mCblk(0x7848731000), front(8960), mIsOut 1, interrupt() FUTEX_WAKE
2025-12-29 22:26:35.922 19992-20261 AudioTrack              com.example.myapplication            D  stop(8584): 0xb4000076016c7d50 stop done
2025-12-29 22:26:36.036 19992-19992 AudioTrack              com.example.myapplication            D  ~AudioTrack(8584): 0xb4000076016c7d50
2025-12-29 22:26:36.039 19992-19992 AudioTrack              com.example.myapplication            D  stop(8584): 0xb4000076016c7d50, prior state:STATE_STOPPED
2025-12-29 22:26:36.104 19992-20128 MediaCodec              com.example.myapplication            I  (0xb400007771bed9c0) flush
2025-12-29 22:26:36.104 19992-20140 MediaCodec              com.example.myapplication            D  [0xb400007771bed9c0] setState: 7
2025-12-29 22:26:36.105 19992-20140 MediaCodec              com.example.myapplication            D  [0xb400007771bed9c0] setState: 8
2025-12-29 22:26:36.106 19992-20128 MediaCodec              com.example.myapplication            I  (0xb400007771bed9c0) start
2025-12-29 22:26:36.106 19992-20128 MediaCodec              com.example.myapplication            D  keep callback message for reclaim
2025-12-29 22:26:36.106 19992-20140 MediaCodec              com.example.myapplication            D  [0xb400007771bed9c0] setState: 6
2025-12-29 22:26:36.107 19992-20140 CCodecConfig            com.example.myapplication            I  query failed after returning 8 values (BAD_INDEX)
2025-12-29 22:26:36.108 19992-20140 Codec2Client            com.example.myapplication            W  query -- param skipped: index = 1342179345.
2025-12-29 22:26:36.108 19992-20140 Codec2Client            com.example.myapplication            W  query -- param skipped: index = 2415921170.
2025-12-29 22:26:36.922 19992-20140 CCodecBufferChannel     com.example.myapplication            D  [c2.android.mp3.decoder#348] input EOS
2025-12-29 22:26:37.091 19992-20128 MediaCodec              com.example.myapplication            I  (0xb400007771bed9c0) flush
2025-12-29 22:26:37.091 19992-20140 MediaCodec              com.example.myapplication            D  [0xb400007771bed9c0] setState: 7
2025-12-29 22:26:37.093 19992-20140 MediaCodec              com.example.myapplication            D  [0xb400007771bed9c0] setState: 8
2025-12-29 22:26:37.093 19992-20128 MediaCodec              com.example.myapplication            I  (0xb400007771bed9c0) start
2025-12-29 22:26:37.094 19992-20128 MediaCodec              com.example.myapplication            D  keep callback message for reclaim
2025-12-29 22:26:37.094 19992-20140 MediaCodec              com.example.myapplication            D  [0xb400007771bed9c0] setState: 6
2025-12-29 22:26:37.096 19992-20140 CCodecConfig            com.example.myapplication            I  query failed after returning 8 values (BAD_INDEX)
2025-12-29 22:26:37.098 19992-20140 Codec2Client            com.example.myapplication            W  query -- param skipped: index = 1342179345.
2025-12-29 22:26:37.098 19992-20140 Codec2Client            com.example.myapplication            W  query -- param skipped: index = 2415921170.
2025-12-29 22:26:37.216 19992-20140 BufferPoolAccessor2.0   com.example.myapplication            D  bufferpool2 0xb4000075e16b8a88 : 5(40960 size) total buffers - 1(8192 size) used buffers - 707/712 (recycle/alloc) - 15/1302 (fetch/transfer)
2025-12-29 22:26:37.923 19992-20140 CCodecBufferChannel     com.example.myapplication            D  [c2.android.mp3.decoder#348] input EOS
2025-12-29 22:26:38.112 19992-20128 MediaCodec              com.example.myapplication            I  (0xb400007771bed9c0) flush
2025-12-29 22:26:38.112 19992-20140 MediaCodec              com.example.myapplication            D  [0xb400007771bed9c0] setState: 7
2025-12-29 22:26:38.113 19992-20140 MediaCodec              com.example.myapplication            D  [0xb400007771bed9c0] setState: 8
2025-12-29 22:26:38.114 19992-20128 MediaCodec              com.example.myapplication            I  (0xb400007771bed9c0) start
2025-12-29 22:26:38.114 19992-20128 MediaCodec              com.example.myapplication            D  keep callback message for reclaim
2025-12-29 22:26:38.114 19992-20140 MediaCodec              com.example.myapplication            D  [0xb400007771bed9c0] setState: 6
2025-12-29 22:26:38.115 19992-20140 CCodecConfig            com.example.myapplication            I  query failed after returning 8 values (BAD_INDEX)
2025-12-29 22:26:38.116 19992-20140 Codec2Client            com.example.myapplication            W  query -- param skipped: index = 1342179345.
2025-12-29 22:26:38.116 19992-20140 Codec2Client            com.example.myapplication            W  query -- param skipped: index = 2415921170.
2025-12-29 22:26:38.930 19992-20140 CCodecBufferChannel     com.example.myapplication            D  [c2.android.mp3.decoder#348] input EOS
2025-12-29 22:26:39.097 19992-20128 MediaCodec              com.example.myapplication            I  (0xb400007771bed9c0) flush
2025-12-29 22:26:39.098 19992-20140 MediaCodec              com.example.myapplication            D  [0xb400007771bed9c0] setState: 7
2025-12-29 22:26:39.100 19992-20140 MediaCodec              com.example.myapplication            D  [0xb400007771bed9c0] setState: 8
2025-12-29 22:26:39.102 19992-20128 MediaCodec              com.example.myapplication            I  (0xb400007771bed9c0) start
2025-12-29 22:26:39.102 19992-20128 MediaCodec              com.example.myapplication            D  keep callback message for reclaim
2025-12-29 22:26:39.102 19992-20140 MediaCodec              com.example.myapplication            D  [0xb400007771bed9c0] setState: 6
2025-12-29 22:26:39.104 19992-20140 CCodecConfig            com.example.myapplication            I  query failed after returning 8 values (BAD_INDEX)
2025-12-29 22:26:39.107 19992-20140 Codec2Client            com.example.myapplication            W  query -- param skipped: index = 1342179345.
2025-12-29 22:26:39.107 19992-20140 Codec2Client            com.example.myapplication            W  query -- param skipped: index = 2415921170.
2025-12-29 22:26:39.531 19992-19992 AudioService            com.example.myapplication            D  Bluetooth SCO DISCONNECTED
2025-12-29 22:26:39.917 19992-20140 CCodecBufferChannel     com.example.myapplication            D  [c2.android.mp3.decoder#348] input EOS
2025-12-29 22:26:40.081 19992-20128 MediaCodec              com.example.myapplication            I  (0xb400007771bed9c0) flush
2025-12-29 22:26:40.081 19992-20140 MediaCodec              com.example.myapplication            D  [0xb400007771bed9c0] setState: 7
2025-12-29 22:26:40.085 19992-20140 MediaCodec              com.example.myapplication            D  [0xb400007771bed9c0] setState: 8
2025-12-29 22:26:40.086 19992-20128 MediaCodec              com.example.myapplication            I  (0xb400007771bed9c0) start
2025-12-29 22:26:40.087 19992-20128 MediaCodec              com.example.myapplication            D  keep callback message for reclaim
2025-12-29 22:26:40.087 19992-20140 MediaCodec              com.example.myapplication            D  [0xb400007771bed9c0] setState: 6
2025-12-29 22:26:40.089 19992-20140 CCodecConfig            com.example.myapplication            I  query failed after returning 8 values (BAD_INDEX)
2025-12-29 22:26:40.090 19992-20140 Codec2Client            com.example.myapplication            W  query -- param skipped: index = 1342179345.
2025-12-29 22:26:40.090 19992-20140 Codec2Client            com.example.myapplication            W  query -- param skipped: index = 2415921170.
2025-12-29 22:26:40.937 19992-20140 CCodecBufferChannel     com.example.myapplication            D  [c2.android.mp3.decoder#348] input EOS
2025-12-29 22:26:41.059 19992-20128 MediaCodec              com.example.myapplication            I  (0xb400007771bed9c0) flush
2025-12-29 22:26:41.060 19992-20140 MediaCodec              com.example.myapplication            D  [0xb400007771bed9c0] setState: 7
2025-12-29 22:26:41.062 19992-20140 MediaCodec              com.example.myapplication            D  [0xb400007771bed9c0] setState: 8
2025-12-29 22:26:41.065 19992-20128 MediaCodec              com.example.myapplication            I  (0xb400007771bed9c0) start
2025-12-29 22:26:41.065 19992-20128 MediaCodec              com.example.myapplication            D  keep callback message for reclaim
2025-12-29 22:26:41.065 19992-20140 MediaCodec              com.example.myapplication            D  [0xb400007771bed9c0] setState: 6
2025-12-29 22:26:41.067 19992-20140 CCodecConfig            com.example.myapplication            I  query failed after returning 8 values (BAD_INDEX)
2025-12-29 22:26:41.069 19992-20140 Codec2Client            com.example.myapplication            W  query -- param skipped: index = 1342179345.
2025-12-29 22:26:41.069 19992-20140 Codec2Client            com.example.myapplication            W  query -- param skipped: index = 2415921170.
2025-12-29 22:26:41.966 19992-20140 CCodecBufferChannel     com.example.myapplication            D  [c2.android.mp3.decoder#348] input EOS
2025-12-29 22:26:42.046 19992-20128 MediaCodec              com.example.myapplication            I  (0xb400007771bed9c0) flush
2025-12-29 22:26:42.046 19992-20140 MediaCodec              com.example.myapplication            D  [0xb400007771bed9c0] setState: 7
2025-12-29 22:26:42.049 19992-20140 MediaCodec              com.example.myapplication            D  [0xb400007771bed9c0] setState: 8
2025-12-29 22:26:42.050 19992-20128 MediaCodec              com.example.myapplication            I  (0xb400007771bed9c0) start
2025-12-29 22:26:42.050 19992-20128 MediaCodec              com.example.myapplication            D  keep callback message for reclaim
2025-12-29 22:26:42.051 19992-20140 MediaCodec              com.example.myapplication            D  [0xb400007771bed9c0] setState: 6
2025-12-29 22:26:42.053 19992-20140 CCodecConfig            com.example.myapplication            I  query failed after returning 8 values (BAD_INDEX)
2025-12-29 22:26:42.055 19992-20140 Codec2Client            com.example.myapplication            W  query -- param skipped: index = 1342179345.
2025-12-29 22:26:42.056 19992-20140 Codec2Client            com.example.myapplication            W  query -- param skipped: index = 2415921170.
2025-12-29 22:26:42.724 19992-20140 BufferPoolAccessor2.0   com.example.myapplication            D  bufferpool2 0xb4000075e16b8a88 : 5(40960 size) total buffers - 1(8192 size) used buffers - 946/951 (recycle/alloc) - 15/1742 (fetch/transfer)
2025-12-29 22:26:42.736 19992-20140 PipelineWatcher         com.example.myapplication            D  [0xb400007601a9ca68] pipelineFull: too many frames in pipeline (4)
2025-12-29 22:26:42.956 19992-20140 CCodecBufferChannel     com.example.myapplication            D  [c2.android.mp3.decoder#348] input EOS
2025-12-29 22:26:43.059 19992-20128 MediaCodec              com.example.myapplication            I  (0xb400007771bed9c0) flush
2025-12-29 22:26:43.060 19992-20140 MediaCodec              com.example.myapplication            D  [0xb400007771bed9c0] setState: 7
2025-12-29 22:26:43.063 19992-20140 MediaCodec              com.example.myapplication            D  [0xb400007771bed9c0] setState: 8
2025-12-29 22:26:43.064 19992-20128 MediaCodec              com.example.myapplication            I  (0xb400007771bed9c0) start
2025-12-29 22:26:43.064 19992-20128 MediaCodec              com.example.myapplication            D  keep callback message for reclaim
2025-12-29 22:26:43.064 19992-20140 MediaCodec              com.example.myapplication            D  [0xb400007771bed9c0] setState: 6
2025-12-29 22:26:43.065 19992-20140 CCodecConfig            com.example.myapplication            I  query failed after returning 8 values (BAD_INDEX)
2025-12-29 22:26:43.067 19992-20140 Codec2Client            com.example.myapplication            W  query -- param skipped: index = 1342179345.
2025-12-29 22:26:43.067 19992-20140 Codec2Client            com.example.myapplication            W  query -- param skipped: index = 2415921170.
2025-12-29 22:26:43.978 19992-20140 CCodecBufferChannel     com.example.myapplication            D  [c2.android.mp3.decoder#348] input EOS
2025-12-29 22:26:44.043 19992-20128 MediaCodec              com.example.myapplication            I  (0xb400007771bed9c0) flush
2025-12-29 22:26:44.044 19992-20140 MediaCodec              com.example.myapplication            D  [0xb400007771bed9c0] setState: 7
2025-12-29 22:26:44.046 19992-20140 MediaCodec              com.example.myapplication            D  [0xb400007771bed9c0] setState: 8
2025-12-29 22:26:44.046 19992-20128 MediaCodec              com.example.myapplication            I  (0xb400007771bed9c0) start
2025-12-29 22:26:44.046 19992-20128 MediaCodec              com.example.myapplication            D  keep callback message for reclaim
2025-12-29 22:26:44.046 19992-20140 MediaCodec              com.example.myapplication            D  [0xb400007771bed9c0] setState: 6
2025-12-29 22:26:44.048 19992-20140 CCodecConfig            com.example.myapplication            I  query failed after returning 8 values (BAD_INDEX)
2025-12-29 22:26:44.049 19992-20140 Codec2Client            com.example.myapplication            W  query -- param skipped: index = 1342179345.
2025-12-29 22:26:44.049 19992-20140 Codec2Client            com.example.myapplication            W  query -- param skipped: index = 2415921170.
